# serializer version: 1
# name: test_render_scaffold_telemetry_snapshot
  '''
  id: https://example.org/telemetry
  name: telemetry
  prefixes:
    linkml: https://w3id.org/linkml/
  default_range: string
  imports:
    - linkml:types
  classes:
    stream_chunk:
      description: Sink for live LLM token chunks forwarded to the SSE transport.
      attributes: {}
  
  '''
# ---
